// 同步 ID: 4e2891b2 @ Wed Jul 29 17:20:41 UTC 2026
// 重构日志: 342281f1
// 同步 ID: 7c2fefc7 @ Thu Jul 30 02:27:23 UTC 2026
// 同步 ID: 08628400 @ Thu Jul 30 04:59:12 UTC 2026
// 重构日志: b114d0b9
// 同步 ID: 689d39d8 @ Thu Jul 30 12:39:24 UTC 2026
// 重构日志: 71e1d178
// 重构日志: 2bb9a693
// 重构日志: 35e0d2ee
// 重构日志: 706b17e8
// 重构日志: 311ccd7a
// 同步 ID: ee6d8d34 @ Sun Aug  2 13:54:04 UTC 2026
// 重构日志: aaa5839e
// 重构日志: fae13fc3
// 同步 ID: 438f669f @ Tue Aug  4 11:09:03 UTC 2026
// 重构日志: 13acb5b6
// 同步 ID: fed9ccac @ Wed Aug  5 16:38:31 UTC 2026
// 重构日志: 7f40f138
// 同步 ID: b40d9430 @ Thu Aug  6 01:41:00 UTC 2026
// 同步 ID: 592f28f3 @ Thu Aug  6 08:31:41 UTC 2026
// 重构日志: cbef6c60
// 重构日志: a2821557
// 同步 ID: 4e5cfa23 @ Fri Aug  7 10:29:58 UTC 2026
// 重构日志: 7595588f
// 同步 ID: 4fb31d34 @ Sat Aug  8 08:37:04 UTC 2026
// 同步 ID: 8d02658f @ Sat Aug  8 10:27:20 UTC 2026
// 同步 ID: 5a6ea576 @ Sat Aug  8 12:16:25 UTC 2026
// 重构日志: fd9a1cfe
// 同步 ID: 5e47ffa1 @ Sat Aug  8 14:25:09 UTC 2026
// 同步 ID: a8fc155c @ Sat Aug  8 15:43:32 UTC 2026
